de\hsnr\lexikonserver\core\usecases\IAutorPflegen.class
de\hsnr\lexikonserver\dataaccess\AutorDAO.class
de\hsnr\lexikonserver\Test.class
de\hsnr\lexikonserver\dataaccess\AutorEntity.class
de\hsnr\lexikonserver\core\usecases\EintragPflegen.class
de\hsnr\lexikonserver\facade\ServicesAdmin.class
de\hsnr\lexikonserver\core\usecases\IDefinitionSuchen.class
de\hsnr\lexikonserver\facade\AutorTO.class
de\hsnr\lexikonserver\core\usecases\IEintragPflegen.class
de\hsnr\lexikonserver\dataaccess\EintragEntity.class
de\hsnr\lexikonserver\facade\EintragTO.class
de\hsnr\lexikonserver\dataaccess\EintragDAO.class
de\hsnr\lexikonserver\core\usecases\AutorSuchen.class
de\hsnr\lexikonserver\facade\ServicesLeser.class
de\hsnr\lexikonserver\facade\EintragTOList.class
de\hsnr\lexikonserver\core\usecases\DefinitionSuchen.class
de\hsnr\lexikonserver\core\usecases\AutorPflegen.class
de\hsnr\lexikonserver\core\entities\Eintrag.class
de\hsnr\lexikonserver\core\usecases\AutorManager.class
de\hsnr\lexikonserver\core\usecases\EintragSuchen.class
de\hsnr\lexikonserver\core\usecases\EintragManager.class
de\hsnr\lexikonserver\core\usecases\IEintragSuchen.class
de\hsnr\lexikonserver\core\entities\Autor.class
de\hsnr\lexikonserver\core\usecases\IAutorSuchen.class
de\hsnr\lexikonserver\facade\AutorTOList.class
