D:\Hochschule Niederrhein\WS_Netbeans\lexikonserver\src\main\java\de\hsnr\lexikonserver\core\usecases\DefinitionSuchen.java
D:\Hochschule Niederrhein\WS_Netbeans\lexikonserver\src\main\java\de\hsnr\lexikonserver\dataaccess\EintragEntity.java
D:\Hochschule Niederrhein\WS_Netbeans\lexikonserver\src\main\java\de\hsnr\lexikonserver\core\usecases\IDefinitionSuchen.java
D:\Hochschule Niederrhein\WS_Netbeans\lexikonserver\src\main\java\de\hsnr\lexikonserver\Test.java
D:\Hochschule Niederrhein\WS_Netbeans\lexikonserver\src\main\java\de\hsnr\lexikonserver\core\usecases\IEintragPflegen.java
D:\Hochschule Niederrhein\WS_Netbeans\lexikonserver\src\main\java\de\hsnr\lexikonserver\core\entities\Autor.java
D:\Hochschule Niederrhein\WS_Netbeans\lexikonserver\src\main\java\de\hsnr\lexikonserver\dataaccess\AutorDAO.java
D:\Hochschule Niederrhein\WS_Netbeans\lexikonserver\src\main\java\de\hsnr\lexikonserver\dataaccess\AutorEntity.java
D:\Hochschule Niederrhein\WS_Netbeans\lexikonserver\src\main\java\de\hsnr\lexikonserver\facade\ServicesAdmin.java
D:\Hochschule Niederrhein\WS_Netbeans\lexikonserver\src\main\java\de\hsnr\lexikonserver\core\usecases\AutorPflegen.java
D:\Hochschule Niederrhein\WS_Netbeans\lexikonserver\src\main\java\de\hsnr\lexikonserver\facade\EintragTOList.java
D:\Hochschule Niederrhein\WS_Netbeans\lexikonserver\src\main\java\de\hsnr\lexikonserver\core\usecases\EintragPflegen.java
D:\Hochschule Niederrhein\WS_Netbeans\lexikonserver\src\main\java\de\hsnr\lexikonserver\dataaccess\EintragDAO.java
D:\Hochschule Niederrhein\WS_Netbeans\lexikonserver\src\main\java\de\hsnr\lexikonserver\facade\AutorTOList.java
D:\Hochschule Niederrhein\WS_Netbeans\lexikonserver\src\main\java\de\hsnr\lexikonserver\core\usecases\EintragSuchen.java
D:\Hochschule Niederrhein\WS_Netbeans\lexikonserver\src\main\java\de\hsnr\lexikonserver\core\usecases\IAutorSuchen.java
D:\Hochschule Niederrhein\WS_Netbeans\lexikonserver\src\main\java\de\hsnr\lexikonserver\core\entities\Eintrag.java
D:\Hochschule Niederrhein\WS_Netbeans\lexikonserver\src\main\java\de\hsnr\lexikonserver\core\usecases\IEintragSuchen.java
D:\Hochschule Niederrhein\WS_Netbeans\lexikonserver\src\main\java\de\hsnr\lexikonserver\facade\ServicesLeser.java
D:\Hochschule Niederrhein\WS_Netbeans\lexikonserver\src\main\java\de\hsnr\lexikonserver\facade\AutorTO.java
D:\Hochschule Niederrhein\WS_Netbeans\lexikonserver\src\main\java\de\hsnr\lexikonserver\facade\EintragTO.java
D:\Hochschule Niederrhein\WS_Netbeans\lexikonserver\src\main\java\de\hsnr\lexikonserver\core\usecases\AutorSuchen.java
D:\Hochschule Niederrhein\WS_Netbeans\lexikonserver\src\main\java\de\hsnr\lexikonserver\core\usecases\AutorManager.java
D:\Hochschule Niederrhein\WS_Netbeans\lexikonserver\src\main\java\de\hsnr\lexikonserver\core\usecases\EintragManager.java
D:\Hochschule Niederrhein\WS_Netbeans\lexikonserver\src\main\java\de\hsnr\lexikonserver\core\usecases\IAutorPflegen.java
